building the project...
cmake --build build
gmake[1]: Entering directory '/users/nph/kotenevm/bachelor-thesis/build'
gmake[2]: Entering directory '/users/nph/kotenevm/bachelor-thesis/build'
gmake[3]: Entering directory '/users/nph/kotenevm/bachelor-thesis/build'
gmake[3]: Leaving directory '/users/nph/kotenevm/bachelor-thesis/build'
[ 16%] Built target uop
gmake[3]: Entering directory '/users/nph/kotenevm/bachelor-thesis/build'
gmake[3]: Leaving directory '/users/nph/kotenevm/bachelor-thesis/build'
[ 37%] Built target single_diffusion
gmake[3]: Entering directory '/users/nph/kotenevm/bachelor-thesis/build'
gmake[3]: Leaving directory '/users/nph/kotenevm/bachelor-thesis/build'
[ 58%] Built target double_diffusion
gmake[3]: Entering directory '/users/nph/kotenevm/bachelor-thesis/build'
gmake[3]: Leaving directory '/users/nph/kotenevm/bachelor-thesis/build'
[ 79%] Built target tripple_diffusion
gmake[3]: Entering directory '/users/nph/kotenevm/bachelor-thesis/build'
gmake[3]: Leaving directory '/users/nph/kotenevm/bachelor-thesis/build'
[100%] Built target run_tests
gmake[2]: Leaving directory '/users/nph/kotenevm/bachelor-thesis/build'
gmake[1]: Leaving directory '/users/nph/kotenevm/bachelor-thesis/build'
Using config: q3_c3_1M
running the simulation...

max_threads = 5
[=>                                                                                                  ]   1%[==>                                                                                                 ]   2%[===>                                                                                                ]   3%[====>                                                                                               ]   4%[=====>                                                                                              ]   5%[======>                                                                                             ]   6%[=======>                                                                                            ]   7%[========>                                                                                           ]   8%